Archive member included to satisfy reference by file (symbol)

/opt/riscv/lib/gcc/riscv32-unknown-elf/12.1.0/libgcc.a(muldi3.o)
                              counter_la_fir.elf-fir.o (__mulsi3)

Memory Configuration

Name             Origin             Length             Attributes
vexriscv_debug   0x00000000f00f0000 0x0000000000000100
dff              0x0000000000000000 0x0000000000000400
dff2             0x0000000000000400 0x0000000000000200
flash            0x0000000010000000 0x0000000001000000
mprj             0x0000000030000000 0x0000000000100000
mprjram          0x0000000038000000 0x0000000000400000
hk               0x0000000026000000 0x0000000000100000
csr              0x00000000f0000000 0x0000000000010000
*default*        0x0000000000000000 0xffffffffffffffff

Linker script and memory map

                0x0000000000000000                __DYNAMIC = 0x0

.text           0x0000000010000000      0x950
                0x0000000010000000                _ftext = .
 *crt0*(.text)
 .text          0x0000000010000000      0x144 counter_la_fir.elf-crt0_vex.o
                0x0000000010000000                _start
                0x0000000010000020                trap_entry
 *crt0*(.text)
 *(.text.isr)
                0x0000000010000144                _etext = .
 .text          0x0000000010000144       0x8c counter_la_fir.elf-isr.o
                0x00000000100001a4                isr
 .text          0x00000000100001d0        0x0 counter_la_fir.elf-fir.o
 .text          0x00000000100001d0        0x0 counter_la_fir.elf-matmul.o
 .text          0x00000000100001d0        0x0 counter_la_fir.elf-qsort.o
 .text          0x00000000100001d0      0x780 counter_la_fir.elf-counter_la_fir.o
                0x0000000010000208                putchar
                0x0000000010000270                print
                0x00000000100002c4                main

.rodata         0x0000000010000950        0x0
                0x0000000010000950                . = ALIGN (0x8)
 *fill*         0x0000000010000950        0x0 
                0x0000000010000950                _frodata = .
 *(.rodata .rodata.* .gnu.linkonce.r.*)
 *(.rodata1)
                0x0000000010000950                . = ALIGN (0x8)
                0x0000000010000950                _erodata = .

.data           0x0000000000000000      0x100 load address 0x0000000010000950
                0x0000000000000000                . = ALIGN (0x8)
                0x0000000000000000                _fdata = .
 *(.data .data.* .gnu.linkonce.d.*)
 .data          0x0000000000000000        0x0 counter_la_fir.elf-crt0_vex.o
 .data          0x0000000000000000        0x0 counter_la_fir.elf-isr.o
 .data          0x0000000000000000       0x58 counter_la_fir.elf-fir.o
                0x0000000000000000                taps
                0x000000000000002c                inputsignal
 .data          0x0000000000000058       0x80 counter_la_fir.elf-matmul.o
                0x0000000000000058                A
                0x0000000000000098                B
 .data          0x00000000000000d8       0x28 counter_la_fir.elf-qsort.o
                0x00000000000000d8                C
 .data          0x0000000000000100        0x0 counter_la_fir.elf-counter_la_fir.o
 .data          0x0000000000000100        0x0 /opt/riscv/lib/gcc/riscv32-unknown-elf/12.1.0/libgcc.a(muldi3.o)
 *(.data1)
                0x0000000000000100                _gp = ALIGN (0x10)
 *(.sdata .sdata.* .gnu.linkonce.s.*)
                0x0000000000000100                . = ALIGN (0x8)
                0x0000000000000100                _edata = .

.bss            0x0000000000000100       0x98 load address 0x0000000010000a50
                0x0000000000000100                . = ALIGN (0x8)
                0x0000000000000100                _fbss = .
 *(.dynsbss)
 *(.sbss .sbss.* .gnu.linkonce.sb.*)
 *(.scommon)
 *(.dynbss)
 *(.bss .bss.* .gnu.linkonce.b.*)
 .bss           0x0000000000000100        0x0 counter_la_fir.elf-crt0_vex.o
 .bss           0x0000000000000100        0x0 counter_la_fir.elf-isr.o
 .bss           0x0000000000000100       0x58 counter_la_fir.elf-fir.o
                0x0000000000000100                inputbuffer
                0x000000000000012c                outputsignal
 .bss           0x0000000000000158       0x40 counter_la_fir.elf-matmul.o
                0x0000000000000158                result
 .bss           0x0000000000000198        0x0 counter_la_fir.elf-qsort.o
 .bss           0x0000000000000198        0x0 counter_la_fir.elf-counter_la_fir.o
 .bss           0x0000000000000198        0x0 /opt/riscv/lib/gcc/riscv32-unknown-elf/12.1.0/libgcc.a(muldi3.o)
 *(COMMON)
                0x0000000000000198                . = ALIGN (0x8)
                0x0000000000000198                _ebss = .
                0x0000000000000198                _end = .

.mprjram        0x0000000038000000      0x53c load address 0x0000000010000a50
                0x0000000038000000                . = ALIGN (0x8)
                0x0000000038000000                _fsram = .
 *libgcc.a:*(.text .text.*)
 .text          0x0000000038000000       0x24 /opt/riscv/lib/gcc/riscv32-unknown-elf/12.1.0/libgcc.a(muldi3.o)
                0x0000000038000000                __mulsi3
 .mprjram       0x0000000038000024      0x1d8 counter_la_fir.elf-fir.o
                0x0000000038000024                initfir
                0x000000003800008c                firfilter
                0x000000003800017c                fir
 .mprjram       0x00000000380001fc      0x118 counter_la_fir.elf-matmul.o
                0x00000000380001fc                matmul
 .mprjram       0x0000000038000314      0x228 counter_la_fir.elf-qsort.o
                0x0000000038000314                partition
                0x0000000038000498                sort
                0x0000000038000508                qsort
                0x0000000000000600                PROVIDE (_fstack = (ORIGIN (dff2) + LENGTH (dff2)))
                0x0000000010000950                PROVIDE (_fdata_rom = LOADADDR (.data))
                [!provide]                        PROVIDE (_edata_rom = (LOADADDR (.data) + SIZEOF (.data)))
                0x000000003800053c                PROVIDE (_esram = (ORIGIN (mprjram) + SIZEOF (.mprjram)))
                0x0000000010000a50                PROVIDE (_esram_rom = LOADADDR (.mprjram))
LOAD counter_la_fir.elf-crt0_vex.o
LOAD counter_la_fir.elf-isr.o
LOAD counter_la_fir.elf-fir.o
LOAD counter_la_fir.elf-matmul.o
LOAD counter_la_fir.elf-qsort.o
LOAD counter_la_fir.elf-counter_la_fir.o
LOAD /opt/riscv/lib/gcc/riscv32-unknown-elf/12.1.0/libgcc.a
START GROUP
LOAD /opt/riscv/lib/gcc/riscv32-unknown-elf/12.1.0/../../../../riscv32-unknown-elf/lib/libc.a
LOAD /opt/riscv/lib/gcc/riscv32-unknown-elf/12.1.0/../../../../riscv32-unknown-elf/lib/libgloss.a
END GROUP
LOAD /opt/riscv/lib/gcc/riscv32-unknown-elf/12.1.0/libgcc.a
OUTPUT(counter_la_fir.elf elf32-littleriscv)

.rela.dyn       0x000000003800053c        0x0 load address 0x0000000010000f8c
 .rela.text     0x000000003800053c        0x0 counter_la_fir.elf-crt0_vex.o

.riscv.attributes
                0x0000000000000000       0x20
 .riscv.attributes
                0x0000000000000000       0x1e counter_la_fir.elf-crt0_vex.o
 .riscv.attributes
                0x000000000000001e       0x20 counter_la_fir.elf-isr.o
 .riscv.attributes
                0x000000000000003e       0x1c counter_la_fir.elf-fir.o
 .riscv.attributes
                0x000000000000005a       0x1c counter_la_fir.elf-matmul.o
 .riscv.attributes
                0x0000000000000076       0x1c counter_la_fir.elf-qsort.o
 .riscv.attributes
                0x0000000000000092       0x1c counter_la_fir.elf-counter_la_fir.o
 .riscv.attributes
                0x00000000000000ae       0x1a /opt/riscv/lib/gcc/riscv32-unknown-elf/12.1.0/libgcc.a(muldi3.o)

.comment        0x0000000000000000       0x1b
 .comment       0x0000000000000000       0x1b counter_la_fir.elf-isr.o
                                         0x1c (size before relaxing)
 .comment       0x000000000000001b       0x1c counter_la_fir.elf-fir.o
 .comment       0x000000000000001b       0x1c counter_la_fir.elf-matmul.o
 .comment       0x000000000000001b       0x1c counter_la_fir.elf-qsort.o
 .comment       0x000000000000001b       0x1c counter_la_fir.elf-counter_la_fir.o

.debug_line     0x0000000000000000      0xfee
 .debug_line    0x0000000000000000      0x204 counter_la_fir.elf-crt0_vex.o
 .debug_line    0x0000000000000204       0x9e counter_la_fir.elf-isr.o
 .debug_line    0x00000000000002a2      0x1bf counter_la_fir.elf-fir.o
 .debug_line    0x0000000000000461      0x16f counter_la_fir.elf-matmul.o
 .debug_line    0x00000000000005d0      0x165 counter_la_fir.elf-qsort.o
 .debug_line    0x0000000000000735      0x83f counter_la_fir.elf-counter_la_fir.o
 .debug_line    0x0000000000000f74       0x7a /opt/riscv/lib/gcc/riscv32-unknown-elf/12.1.0/libgcc.a(muldi3.o)

.debug_line_str
                0x0000000000000000      0x1ad
 .debug_line_str
                0x0000000000000000       0x6e counter_la_fir.elf-crt0_vex.o
 .debug_line_str
                0x000000000000006e       0x28 counter_la_fir.elf-isr.o
                                         0xeb (size before relaxing)
 .debug_line_str
                0x0000000000000096        0x6 counter_la_fir.elf-fir.o
                                         0xc0 (size before relaxing)
 .debug_line_str
                0x000000000000009c       0x12 counter_la_fir.elf-matmul.o
                                         0xcc (size before relaxing)
 .debug_line_str
                0x00000000000000ae       0x10 counter_la_fir.elf-qsort.o
                                         0xc8 (size before relaxing)
 .debug_line_str
                0x00000000000000be       0x5b counter_la_fir.elf-counter_la_fir.o
                                        0x13d (size before relaxing)
 .debug_line_str
                0x0000000000000119       0x94 /opt/riscv/lib/gcc/riscv32-unknown-elf/12.1.0/libgcc.a(muldi3.o)

.debug_info     0x0000000000000000      0x5af
 .debug_info    0x0000000000000000       0x25 counter_la_fir.elf-crt0_vex.o
 .debug_info    0x0000000000000025       0xc5 counter_la_fir.elf-isr.o
 .debug_info    0x00000000000000ea      0x14a counter_la_fir.elf-fir.o
 .debug_info    0x0000000000000234       0xdc counter_la_fir.elf-matmul.o
 .debug_info    0x0000000000000310      0x11d counter_la_fir.elf-qsort.o
 .debug_info    0x000000000000042d      0x153 counter_la_fir.elf-counter_la_fir.o
 .debug_info    0x0000000000000580       0x2f /opt/riscv/lib/gcc/riscv32-unknown-elf/12.1.0/libgcc.a(muldi3.o)

.debug_abbrev   0x0000000000000000      0x44b
 .debug_abbrev  0x0000000000000000       0x14 counter_la_fir.elf-crt0_vex.o
 .debug_abbrev  0x0000000000000014       0x86 counter_la_fir.elf-isr.o
 .debug_abbrev  0x000000000000009a       0xf2 counter_la_fir.elf-fir.o
 .debug_abbrev  0x000000000000018c       0xbb counter_la_fir.elf-matmul.o
 .debug_abbrev  0x0000000000000247       0xe7 counter_la_fir.elf-qsort.o
 .debug_abbrev  0x000000000000032e       0xfc counter_la_fir.elf-counter_la_fir.o
 .debug_abbrev  0x000000000000042a       0x21 /opt/riscv/lib/gcc/riscv32-unknown-elf/12.1.0/libgcc.a(muldi3.o)

.debug_aranges  0x0000000000000000      0x100
 .debug_aranges
                0x0000000000000000       0x20 counter_la_fir.elf-crt0_vex.o
 .debug_aranges
                0x0000000000000020       0x20 counter_la_fir.elf-isr.o
 .debug_aranges
                0x0000000000000040       0x30 counter_la_fir.elf-fir.o
 .debug_aranges
                0x0000000000000070       0x20 counter_la_fir.elf-matmul.o
 .debug_aranges
                0x0000000000000090       0x30 counter_la_fir.elf-qsort.o
 .debug_aranges
                0x00000000000000c0       0x20 counter_la_fir.elf-counter_la_fir.o
 .debug_aranges
                0x00000000000000e0       0x20 /opt/riscv/lib/gcc/riscv32-unknown-elf/12.1.0/libgcc.a(muldi3.o)

.debug_str      0x0000000000000000      0x28c
 .debug_str     0x0000000000000000       0x7a counter_la_fir.elf-crt0_vex.o
 .debug_str     0x000000000000007a       0xd5 counter_la_fir.elf-isr.o
                                        0x10e (size before relaxing)
 .debug_str     0x000000000000014f       0x55 counter_la_fir.elf-fir.o
                                         0xb9 (size before relaxing)
 .debug_str     0x00000000000001a4       0x14 counter_la_fir.elf-matmul.o
                                         0x78 (size before relaxing)
 .debug_str     0x00000000000001b8       0x1b counter_la_fir.elf-qsort.o
                                         0x84 (size before relaxing)
 .debug_str     0x00000000000001d3       0x1c counter_la_fir.elf-counter_la_fir.o
                                        0x12b (size before relaxing)
 .debug_str     0x00000000000001ef       0x9d /opt/riscv/lib/gcc/riscv32-unknown-elf/12.1.0/libgcc.a(muldi3.o)
                                         0xa9 (size before relaxing)

.debug_frame    0x0000000000000000      0x2b4
 .debug_frame   0x0000000000000000       0xa4 counter_la_fir.elf-isr.o
 .debug_frame   0x00000000000000a4       0x84 counter_la_fir.elf-fir.o
 .debug_frame   0x0000000000000128       0x38 counter_la_fir.elf-matmul.o
 .debug_frame   0x0000000000000160       0x84 counter_la_fir.elf-qsort.o
 .debug_frame   0x00000000000001e4       0xd0 counter_la_fir.elf-counter_la_fir.o

.debug_rnglists
                0x0000000000000000       0x66
 .debug_rnglists
                0x0000000000000000       0x28 counter_la_fir.elf-fir.o
 .debug_rnglists
                0x0000000000000028       0x16 counter_la_fir.elf-matmul.o
 .debug_rnglists
                0x000000000000003e       0x28 counter_la_fir.elf-qsort.o
